Symlinking /home/rmajetson/ProjectV/robot_ws/devel/share/robot_communication/cmake/robot_communication-msg-paths.cmake
Symlinking /home/rmajetson/ProjectV/robot_ws/devel/share/robot_communication/cmake/robot_communication-msg-extras.cmake
Symlinking /home/rmajetson/ProjectV/robot_ws/devel/share/robot_communication/cmake/robot_communicationConfig-version.cmake
Symlinking /home/rmajetson/ProjectV/robot_ws/devel/share/robot_communication/cmake/robot_communicationConfig.cmake
Symlinking /home/rmajetson/ProjectV/robot_ws/devel/share/gennodejs/ros/robot_communication/_index.js
Symlinking /home/rmajetson/ProjectV/robot_ws/devel/share/gennodejs/ros/robot_communication/msg/AprilTagDetection.js
Symlinking /home/rmajetson/ProjectV/robot_ws/devel/share/gennodejs/ros/robot_communication/msg/AprilTagDetectionArray.js
Symlinking /home/rmajetson/ProjectV/robot_ws/devel/share/gennodejs/ros/robot_communication/msg/_index.js
Symlinking /home/rmajetson/ProjectV/robot_ws/devel/share/gennodejs/ros/robot_communication/msg/SchedulerResponse.js
Symlinking /home/rmajetson/ProjectV/robot_ws/devel/share/gennodejs/ros/robot_communication/msg/SchedulerCommand.js
Symlinking /home/rmajetson/ProjectV/robot_ws/devel/share/gennodejs/ros/robot_communication/msg/encoder_comm.js
Symlinking /home/rmajetson/ProjectV/robot_ws/devel/share/gennodejs/ros/robot_communication/msg/ultrasonic_comm.js
Symlinking /home/rmajetson/ProjectV/robot_ws/devel/share/gennodejs/ros/robot_communication/msg/velocity_comm.js
Symlinking /home/rmajetson/ProjectV/robot_ws/devel/share/common-lisp/ros/robot_communication/msg/robot_communication-msg.asd
Symlinking /home/rmajetson/ProjectV/robot_ws/devel/share/common-lisp/ros/robot_communication/msg/velocity_comm.lisp
Symlinking /home/rmajetson/ProjectV/robot_ws/devel/share/common-lisp/ros/robot_communication/msg/_package_encoder_comm.lisp
Symlinking /home/rmajetson/ProjectV/robot_ws/devel/share/common-lisp/ros/robot_communication/msg/_package.lisp
Symlinking /home/rmajetson/ProjectV/robot_ws/devel/share/common-lisp/ros/robot_communication/msg/SchedulerResponse.lisp
Symlinking /home/rmajetson/ProjectV/robot_ws/devel/share/common-lisp/ros/robot_communication/msg/_package_SchedulerResponse.lisp
Symlinking /home/rmajetson/ProjectV/robot_ws/devel/share/common-lisp/ros/robot_communication/msg/_package_velocity_comm.lisp
Symlinking /home/rmajetson/ProjectV/robot_ws/devel/share/common-lisp/ros/robot_communication/msg/encoder_comm.lisp
Symlinking /home/rmajetson/ProjectV/robot_ws/devel/share/common-lisp/ros/robot_communication/msg/_package_ultrasonic_comm.lisp
Symlinking /home/rmajetson/ProjectV/robot_ws/devel/share/common-lisp/ros/robot_communication/msg/_package_SchedulerCommand.lisp
Symlinking /home/rmajetson/ProjectV/robot_ws/devel/share/common-lisp/ros/robot_communication/msg/AprilTagDetectionArray.lisp
Symlinking /home/rmajetson/ProjectV/robot_ws/devel/share/common-lisp/ros/robot_communication/msg/_package_AprilTagDetectionArray.lisp
Symlinking /home/rmajetson/ProjectV/robot_ws/devel/share/common-lisp/ros/robot_communication/msg/ultrasonic_comm.lisp
Symlinking /home/rmajetson/ProjectV/robot_ws/devel/share/common-lisp/ros/robot_communication/msg/_package_AprilTagDetection.lisp
Symlinking /home/rmajetson/ProjectV/robot_ws/devel/share/common-lisp/ros/robot_communication/msg/SchedulerCommand.lisp
Symlinking /home/rmajetson/ProjectV/robot_ws/devel/share/common-lisp/ros/robot_communication/msg/AprilTagDetection.lisp
Symlinking /home/rmajetson/ProjectV/robot_ws/devel/share/roseus/ros/robot_communication/manifest.l
Symlinking /home/rmajetson/ProjectV/robot_ws/devel/share/roseus/ros/robot_communication/msg/SchedulerCommand.l
Symlinking /home/rmajetson/ProjectV/robot_ws/devel/share/roseus/ros/robot_communication/msg/encoder_comm.l
Symlinking /home/rmajetson/ProjectV/robot_ws/devel/share/roseus/ros/robot_communication/msg/AprilTagDetectionArray.l
Symlinking /home/rmajetson/ProjectV/robot_ws/devel/share/roseus/ros/robot_communication/msg/ultrasonic_comm.l
Symlinking /home/rmajetson/ProjectV/robot_ws/devel/share/roseus/ros/robot_communication/msg/AprilTagDetection.l
Symlinking /home/rmajetson/ProjectV/robot_ws/devel/share/roseus/ros/robot_communication/msg/velocity_comm.l
Symlinking /home/rmajetson/ProjectV/robot_ws/devel/share/roseus/ros/robot_communication/msg/SchedulerResponse.l
Symlinking /home/rmajetson/ProjectV/robot_ws/devel/lib/python3/dist-packages/robot_communication/__init__.py
Symlinking /home/rmajetson/ProjectV/robot_ws/devel/lib/python3/dist-packages/robot_communication/msg/_AprilTagDetection.py
Symlinking /home/rmajetson/ProjectV/robot_ws/devel/lib/python3/dist-packages/robot_communication/msg/_SchedulerResponse.py
Symlinking /home/rmajetson/ProjectV/robot_ws/devel/lib/python3/dist-packages/robot_communication/msg/_AprilTagDetectionArray.py
Symlinking /home/rmajetson/ProjectV/robot_ws/devel/lib/python3/dist-packages/robot_communication/msg/_SchedulerCommand.py
Symlinking /home/rmajetson/ProjectV/robot_ws/devel/lib/python3/dist-packages/robot_communication/msg/__init__.py
Symlinking /home/rmajetson/ProjectV/robot_ws/devel/lib/python3/dist-packages/robot_communication/msg/_velocity_comm.py
Symlinking /home/rmajetson/ProjectV/robot_ws/devel/lib/python3/dist-packages/robot_communication/msg/_ultrasonic_comm.py
Symlinking /home/rmajetson/ProjectV/robot_ws/devel/lib/python3/dist-packages/robot_communication/msg/_encoder_comm.py
Symlinking /home/rmajetson/ProjectV/robot_ws/devel/lib/pkgconfig/robot_communication.pc
Symlinking /home/rmajetson/ProjectV/robot_ws/devel/lib/robot_communication/mqtt_comm.py
Symlinking /home/rmajetson/ProjectV/robot_ws/devel/lib/robot_communication/reset_usb.py
Symlinking /home/rmajetson/ProjectV/robot_ws/devel/lib/robot_communication/uart_comm.py
Symlinking /home/rmajetson/ProjectV/robot_ws/devel/include/robot_communication/AprilTagDetectionArray.h
Symlinking /home/rmajetson/ProjectV/robot_ws/devel/include/robot_communication/encoder_comm.h
Symlinking /home/rmajetson/ProjectV/robot_ws/devel/include/robot_communication/ultrasonic_comm.h
Symlinking /home/rmajetson/ProjectV/robot_ws/devel/include/robot_communication/AprilTagDetection.h
Symlinking /home/rmajetson/ProjectV/robot_ws/devel/include/robot_communication/SchedulerCommand.h
Symlinking /home/rmajetson/ProjectV/robot_ws/devel/include/robot_communication/velocity_comm.h
Symlinking /home/rmajetson/ProjectV/robot_ws/devel/include/robot_communication/SchedulerResponse.h
